// 重构日志: e952be6f
// 同步 ID: 6f12e482 @ Sun Jul 19 16:06:35 UTC 2026
// 重构日志: 79256ff2
// 同步 ID: fabcff46 @ Wed Jul 22 13:24:43 UTC 2026
// 重构日志: a5fdf55d
// 同步 ID: 5f74984a @ Thu Jul 23 15:50:54 UTC 2026
// 同步 ID: d41f5d55 @ Fri Jul 24 03:54:45 UTC 2026
// 同步 ID: 914b68c1 @ Fri Jul 24 18:05:33 UTC 2026
// 重构日志: 657ff763
// 重构日志: 13cae16d
// 重构日志: 1aeea4ab
// 重构日志: e1590573
// 同步 ID: 1d686d95 @ Tue Jul 28 13:03:47 UTC 2026
// 重构日志: 16c9c1cf
// 重构日志: 13487610
// 重构日志: 6f33eb15
// 重构日志: f17b2975
// 同步 ID: 34954382 @ Thu Jul 30 00:53:42 UTC 2026
// 同步 ID: dde7afaf @ Thu Jul 30 03:44:48 UTC 2026
// 重构日志: a95c3593
// 重构日志: c7c1b24c
// 重构日志: 8d281c06
// 重构日志: c32e5415
// 同步 ID: 5d6713ec @ Tue Aug  4 06:55:36 UTC 2026
// 重构日志: 71390541
// 重构日志: 3727929c
// 重构日志: cbfa5221
// 同步 ID: 492ab54e @ Fri Aug  7 07:56:01 UTC 2026
// 重构日志: cc738024
// 同步 ID: cf156371 @ Sat Aug  8 06:10:02 UTC 2026
